// Jest Snapshot v1, https://goo.gl/fbAQLP

exports[`The search bar component renders correctly 1`] = `
<div
  className="search-bar"
>
  <label
    className="search-bar__label"
    htmlFor="search-bar"
  >
    Search for spots
  </label>
  <input
    className="search-bar__input"
    id="search-bar"
    onChange={[Function]}
    placeholder="Search spots..."
    type="text"
  />
  <button
    className="search-bar__button"
    onClick={[Function]}
  >
    Search near me
  </button>
</div>
`;
