// Jest Snapshot v1, https://goo.gl/fbAQLP

exports[`The App component renders correctly 1`] = `
<div
  className="App"
>
  <div
    className="search__body"
  >
    <h1>
      Search Component
    </h1>
    <div
      className="search-location__body"
    >
      <input
        className="search-location__input"
        onChange={[Function]}
        placeholder="Choose location, or..."
        type="text"
      />
      <button
        className="search-location__button"
        onClick={[Function]}
      >
        Use current
      </button>
    </div>
    <div
      className="search-bar"
    >
      <label
        className="search-bar__label"
        htmlFor="search-bar"
      />
      <input
        className="search-bar__input"
        onChange={[Function]}
        placeholder="Search spots..."
        type="text"
      />
      <button
        className="search-bar__button"
        onClick={[Function]}
      >
        Search
      </button>
    </div>
    <div
      className="spot-table"
    >
      <ul
        className="spot-table__list"
      />
    </div>
  </div>
</div>
`;
