// Jest Snapshot v1, https://goo.gl/fbAQLP

exports[`The SearchLocation component renders correctly 1`] = `
<div
  className="search-location__body"
>
  <input
    className="search-location__input"
    onChange={[Function]}
    placeholder="Choose location, or..."
    type="text"
  />
  <button
    className="search-location__button"
    onClick={[Function]}
  >
    Use current
  </button>
</div>
`;
