// Jest Snapshot v1, https://goo.gl/fbAQLP

exports[`The search component renders correctly 1`] = `
<div
  className="search__body"
>
  <div
    className="search-input"
  >
    <h1>
      Search Component
    </h1>
    <div>
      <label
        className="search-input__label"
        htmlFor="search-input"
      />
      <input
        onChange={[Function]}
        type="text"
      />
      <button
        onClick={[Function]}
      >
        Search
      </button>
    </div>
  </div>
  <div
    className="spot-table"
  >
    <ul
      className="spot-table__list"
    />
  </div>
</div>
`;
