// Jest Snapshot v1, https://goo.gl/fbAQLP

exports[`The search component renders correctly 1`] = `
<div
  className="search__input"
>
  <h1>
    VenueSearch Component
  </h1>
  <div>
    <label />
    <input
      onChange={[Function]}
      type="text"
    />
    <button
      onClick={[Function]}
    >
      Search
    </button>
  </div>
</div>
`;
